// Vitest Snapshot v1, https://vitest.dev/guide/snapshot.html

exports[`TwitterIcon > snapshot test 1`] = `
<DocumentFragment>
  <div
    class="icon"
    style="background: url("/twitter-icon.png") center center no-repeat;"
  />
</DocumentFragment>
`;
