// Vitest Snapshot v1, https://vitest.dev/guide/snapshot.html

exports[`TwitterArchived > snapshot test 1`] = `
<DocumentFragment>
  <div
    class="wrapper "
  >
    <div
      class="box"
    >
      <div
        class="header"
      >
        <div
          class="header_left"
        >
          <a
            href="https://twitter.com/TrpFrog"
            rel="noopener noreferrer"
            target="_blank"
          >
            <div
              class="icon"
              style="background: url("https://res.cloudinary.com/trpfrog/image/upload/w_50,q_auto/icons_gallery/28") center center;"
            />
          </a>
          <div
            class="name_box"
          >
            <a
              href="https://twitter.com/TrpFrog"
              rel="noopener noreferrer"
              target="_blank"
            >
              <div
                class="name"
              >
                折川かさな
              </div>
              <div
                class="userid"
              >
                @TrpFrog
              </div>
            </a>
          </div>
        </div>
        <div
          class="logo"
        >
          <svg
            aria-hidden="true"
            class="svg-inline--fa fa-dove "
            data-icon="dove"
            data-prefix="fas"
            focusable="false"
            role="img"
            style="font-size: 1.5em;"
            viewBox="0 0 512 512"
            xmlns="http://www.w3.org/2000/svg"
          >
            <path
              d="M160.8 96.5c14 17 31 30.9 49.5 42.2c25.9 15.8 53.7 25.9 77.7 31.6l0-31.5C265.8 108.5 250 71.5 248.6 28c-.4-11.3-7.5-21.5-18.4-24.4c-7.6-2-15.8-.2-21 5.8c-13.3 15.4-32.7 44.6-48.4 87.2zM320 144l0 30.6s0 0 0 0l0 1.3s0 0 0 0l0 32.1c-60.8-5.1-185-43.8-219.3-157.2C97.4 40 87.9 32 76.6 32c-7.9 0-15.3 3.9-18.8 11C46.8 65.9 32 112.1 32 176c0 116.9 80.1 180.5 118.4 202.8L11.8 416.6C6.7 418 2.6 421.8 .9 426.8s-.8 10.6 2.3 14.8C21.7 466.2 77.3 512 160 512c3.6 0 7.2-1.2 10-3.5L245.6 448l74.4 0c88.4 0 160-71.6 160-160l0-160 29.9-44.9c1.3-2 2.1-4.4 2.1-6.8c0-6.8-5.5-12.3-12.3-12.3L400 64c-44.2 0-80 35.8-80 80zm80-16a16 16 0 1 1 0 32 16 16 0 1 1 0-32z"
              fill="currentColor"
            />
          </svg>
        </div>
      </div>
      <div
        cite="https://twitter.com/TrpFrog/status/1353937432136228864"
        class="tweet "
      >
        <blockquote
          cite="https://twitter.com/TrpFrog/status/1353937432136228864"
          class="blockquote"
        >
          <a
            class="mention"
            href="https://twitter.com/TrpFrog"
            rel="noopener noreferrer"
            target="_blank"
          >
            @TrpFrog
          </a>
           ごきげんよう！ 今日は良い天気ですね。 
          <a
            class="hashtag"
            href="https://twitter.com/hashtag/good_morning"
            rel="noopener noreferrer"
            target="_blank"
          >
            #good_morning
          </a>
        </blockquote>
      </div>
      <div
        class="date"
      >
        <a
          href="https://twitter.com/TrpFrog/status/1353937432136228864"
          rel="noopener noreferrer"
          target="_blank"
        >
          2000-10-17
        </a>
      </div>
    </div>
  </div>
</DocumentFragment>
`;
