// Vitest Snapshot v1, https://vitest.dev/guide/snapshot.html

exports[`RotateButton > snapshot testing (isRotated: { isRotated: false, rotateDirection: 'left' }, rotateDirection: %s) 1`] = `
<DocumentFragment>
  <button
    class="angle_picker_button"
    data-rotate-direction="left"
    data-testid="rotate-button"
  >
    <svg
      aria-hidden="true"
      class="svg-inline--fa fa-rotate fa-flip-horizontal "
      data-icon="rotate"
      data-prefix="fas"
      focusable="false"
      role="img"
      viewBox="0 0 512 512"
      xmlns="http://www.w3.org/2000/svg"
    >
      <path
        d="M142.9 142.9c-17.5 17.5-30.1 38-37.8 59.8c-5.9 16.7-24.2 25.4-40.8 19.5s-25.4-24.2-19.5-40.8C55.6 150.7 73.2 122 97.6 97.6c87.2-87.2 228.3-87.5 315.8-1L455 55c6.9-6.9 17.2-8.9 26.2-5.2s14.8 12.5 14.8 22.2l0 128c0 13.3-10.7 24-24 24l-8.4 0c0 0 0 0 0 0L344 224c-9.7 0-18.5-5.8-22.2-14.8s-1.7-19.3 5.2-26.2l41.1-41.1c-62.6-61.5-163.1-61.2-225.3 1zM16 312c0-13.3 10.7-24 24-24l7.6 0 .7 0L168 288c9.7 0 18.5 5.8 22.2 14.8s1.7 19.3-5.2 26.2l-41.1 41.1c62.6 61.5 163.1 61.2 225.3-1c17.5-17.5 30.1-38 37.8-59.8c5.9-16.7 24.2-25.4 40.8-19.5s25.4 24.2 19.5 40.8c-10.8 30.6-28.4 59.3-52.9 83.8c-87.2 87.2-228.3 87.5-315.8 1L57 457c-6.9 6.9-17.2 8.9-26.2 5.2S16 449.7 16 440l0-119.6 0-.7 0-7.6z"
        fill="currentColor"
      />
    </svg>
  </button>
</DocumentFragment>
`;

exports[`RotateButton > snapshot testing (isRotated: { isRotated: false, rotateDirection: 'right' }, rotateDirection: %s) 1`] = `
<DocumentFragment>
  <button
    class="angle_picker_button"
    data-rotate-direction="right"
    data-testid="rotate-button"
  >
    <svg
      aria-hidden="true"
      class="svg-inline--fa fa-rotate "
      data-icon="rotate"
      data-prefix="fas"
      focusable="false"
      role="img"
      viewBox="0 0 512 512"
      xmlns="http://www.w3.org/2000/svg"
    >
      <path
        d="M142.9 142.9c-17.5 17.5-30.1 38-37.8 59.8c-5.9 16.7-24.2 25.4-40.8 19.5s-25.4-24.2-19.5-40.8C55.6 150.7 73.2 122 97.6 97.6c87.2-87.2 228.3-87.5 315.8-1L455 55c6.9-6.9 17.2-8.9 26.2-5.2s14.8 12.5 14.8 22.2l0 128c0 13.3-10.7 24-24 24l-8.4 0c0 0 0 0 0 0L344 224c-9.7 0-18.5-5.8-22.2-14.8s-1.7-19.3 5.2-26.2l41.1-41.1c-62.6-61.5-163.1-61.2-225.3 1zM16 312c0-13.3 10.7-24 24-24l7.6 0 .7 0L168 288c9.7 0 18.5 5.8 22.2 14.8s1.7 19.3-5.2 26.2l-41.1 41.1c62.6 61.5 163.1 61.2 225.3-1c17.5-17.5 30.1-38 37.8-59.8c5.9-16.7 24.2-25.4 40.8-19.5s25.4 24.2 19.5 40.8c-10.8 30.6-28.4 59.3-52.9 83.8c-87.2 87.2-228.3 87.5-315.8 1L57 457c-6.9 6.9-17.2 8.9-26.2 5.2S16 449.7 16 440l0-119.6 0-.7 0-7.6z"
        fill="currentColor"
      />
    </svg>
  </button>
</DocumentFragment>
`;

exports[`RotateButton > snapshot testing (isRotated: { isRotated: true, rotateDirection: 'left' }, rotateDirection: %s) 1`] = `
<DocumentFragment>
  <button
    class="angle_picker_button"
    data-testid="rotate-button"
  >
    <svg
      aria-hidden="true"
      class="svg-inline--fa fa-stop "
      data-icon="stop"
      data-prefix="fas"
      focusable="false"
      role="img"
      viewBox="0 0 384 512"
      xmlns="http://www.w3.org/2000/svg"
    >
      <path
        d="M0 128C0 92.7 28.7 64 64 64H320c35.3 0 64 28.7 64 64V384c0 35.3-28.7 64-64 64H64c-35.3 0-64-28.7-64-64V128z"
        fill="currentColor"
      />
    </svg>
  </button>
</DocumentFragment>
`;

exports[`RotateButton > snapshot testing (isRotated: { isRotated: true, rotateDirection: 'right' }, rotateDirection: %s) 1`] = `
<DocumentFragment>
  <button
    class="angle_picker_button"
    data-testid="rotate-button"
  >
    <svg
      aria-hidden="true"
      class="svg-inline--fa fa-stop "
      data-icon="stop"
      data-prefix="fas"
      focusable="false"
      role="img"
      viewBox="0 0 384 512"
      xmlns="http://www.w3.org/2000/svg"
    >
      <path
        d="M0 128C0 92.7 28.7 64 64 64H320c35.3 0 64 28.7 64 64V384c0 35.3-28.7 64-64 64H64c-35.3 0-64-28.7-64-64V128z"
        fill="currentColor"
      />
    </svg>
  </button>
</DocumentFragment>
`;
