// Vitest Snapshot v1, https://vitest.dev/guide/snapshot.html

exports[`ShowAll > snapshot test 1`] = `
<DocumentFragment>
  <div
    class=""
  >
    <div
      class="main "
      data-testid="hidden-contents"
      style="max-height: 1px;"
    >
      <div>
        Lorem ipsum dolor sit amet, consectetur adipiscing elit, sed do eiusmod tempor incididunt ut labore et dolore magna aliqua.Ut enim ad minim veniam, quis nostrud exercitation ullamco laboris nisi ut aliquip ex ea commodo consequat.Duis aute irure dolor in reprehenderit in voluptate velit esse cillum dolore eu fugiat nulla pariatur.Excepteur sint occaecat cupidatat non proident, sunt in culpa qui officia deserunt mollit anim id est laborum.
      </div>
      <div
        class="fog"
        data-testid="fogged-div-fog"
      />
    </div>
    <div
      class="button_wrapper"
    >
      <button
        class="button"
        data-testid="show-all-button"
      >
        もっと見る
      </button>
    </div>
  </div>
</DocumentFragment>
`;
