// Vitest Snapshot v1, https://vitest.dev/guide/snapshot.html

exports[`Alert > snapshot test (caution) 1`] = `
<DocumentFragment>
  <div
    class="caution text_box "
  >
    <div
      class="text_box_icon"
    >
      <svg
        aria-hidden="true"
        class="svg-inline--fa fa-triangle-exclamation "
        data-icon="triangle-exclamation"
        data-prefix="fas"
        focusable="false"
        role="img"
        viewBox="0 0 512 512"
        xmlns="http://www.w3.org/2000/svg"
      >
        <path
          d="M256 32c14.2 0 27.3 7.5 34.5 19.8l216 368c7.3 12.4 7.3 27.7 .2 40.1S486.3 480 472 480L40 480c-14.3 0-27.6-7.7-34.7-20.1s-7-27.8 .2-40.1l216-368C228.7 39.5 241.8 32 256 32zm0 128c-13.3 0-24 10.7-24 24l0 112c0 13.3 10.7 24 24 24s24-10.7 24-24l0-112c0-13.3-10.7-24-24-24zm32 224a32 32 0 1 0 -64 0 32 32 0 1 0 64 0z"
          fill="currentColor"
        />
      </svg>
    </div>
    <div
      class="text_box_content"
    >
      Lorem ipsum dolor sit amet, consectetur adipiscing elit, sed do eiusmod tempor incididunt ut labore et dolore magna aliqua.Ut enim ad minim veniam, quis nostrud exercitation ullamco laboris nisi ut aliquip ex ea commodo consequat.Duis aute irure dolor in reprehenderit in voluptate velit esse cillum dolore eu fugiat nulla pariatur.Excepteur sint occaecat cupidatat non proident, sunt in culpa qui officia deserunt mollit anim id est laborum.
    </div>
  </div>
</DocumentFragment>
`;

exports[`Alert > snapshot test (frog) 1`] = `
<DocumentFragment>
  <div
    class="frog text_box "
  >
    <div
      class="text_box_icon"
    >
      <svg
        aria-hidden="true"
        class="svg-inline--fa fa-frog "
        data-icon="frog"
        data-prefix="fas"
        focusable="false"
        role="img"
        viewBox="0 0 576 512"
        xmlns="http://www.w3.org/2000/svg"
      >
        <path
          d="M368 32c41.7 0 75.9 31.8 79.7 72.5l85.6 26.3c25.4 7.8 42.8 31.3 42.8 57.9c0 21.8-11.7 41.9-30.7 52.7L400.8 323.5 493.3 416l50.7 0c17.7 0 32 14.3 32 32s-14.3 32-32 32l-64 0c-8.5 0-16.6-3.4-22.6-9.4L346.9 360.2c11.7-36 3.2-77.1-25.4-105.7c-40.6-40.6-106.3-40.6-146.9-.1L101 324.4c-6.4 6.1-6.7 16.2-.6 22.6s16.2 6.6 22.6 .6l73.8-70.2 .1-.1 .1-.1c3.5-3.5 7.3-6.6 11.3-9.2c27.9-18.5 65.9-15.4 90.5 9.2c24.7 24.7 27.7 62.9 9 90.9c-2.6 3.8-5.6 7.5-9 10.9L261.8 416l90.2 0c17.7 0 32 14.3 32 32s-14.3 32-32 32L64 480c-35.3 0-64-28.7-64-64C0 249.6 127 112.9 289.3 97.5C296.2 60.2 328.8 32 368 32zm0 104a24 24 0 1 0 0-48 24 24 0 1 0 0 48z"
          fill="currentColor"
        />
      </svg>
    </div>
    <div
      class="text_box_content"
    >
      Lorem ipsum dolor sit amet, consectetur adipiscing elit, sed do eiusmod tempor incididunt ut labore et dolore magna aliqua.Ut enim ad minim veniam, quis nostrud exercitation ullamco laboris nisi ut aliquip ex ea commodo consequat.Duis aute irure dolor in reprehenderit in voluptate velit esse cillum dolore eu fugiat nulla pariatur.Excepteur sint occaecat cupidatat non proident, sunt in culpa qui officia deserunt mollit anim id est laborum.
    </div>
  </div>
</DocumentFragment>
`;

exports[`Alert > snapshot test (info) 1`] = `
<DocumentFragment>
  <div
    class="info text_box "
  >
    <div
      class="text_box_icon"
    >
      <svg
        aria-hidden="true"
        class="svg-inline--fa fa-circle-info "
        data-icon="circle-info"
        data-prefix="fas"
        focusable="false"
        role="img"
        viewBox="0 0 512 512"
        xmlns="http://www.w3.org/2000/svg"
      >
        <path
          d="M256 512A256 256 0 1 0 256 0a256 256 0 1 0 0 512zM216 336l24 0 0-64-24 0c-13.3 0-24-10.7-24-24s10.7-24 24-24l48 0c13.3 0 24 10.7 24 24l0 88 8 0c13.3 0 24 10.7 24 24s-10.7 24-24 24l-80 0c-13.3 0-24-10.7-24-24s10.7-24 24-24zm40-208a32 32 0 1 1 0 64 32 32 0 1 1 0-64z"
          fill="currentColor"
        />
      </svg>
    </div>
    <div
      class="text_box_content"
    >
      Lorem ipsum dolor sit amet, consectetur adipiscing elit, sed do eiusmod tempor incididunt ut labore et dolore magna aliqua.Ut enim ad minim veniam, quis nostrud exercitation ullamco laboris nisi ut aliquip ex ea commodo consequat.Duis aute irure dolor in reprehenderit in voluptate velit esse cillum dolore eu fugiat nulla pariatur.Excepteur sint occaecat cupidatat non proident, sunt in culpa qui officia deserunt mollit anim id est laborum.
    </div>
  </div>
</DocumentFragment>
`;
