// Vitest Snapshot v1, https://vitest.dev/guide/snapshot.html

exports[`FoggedDiv > snapshot test 1`] = `
<DocumentFragment>
  <div
    class="main "
    data-testid="fogged-div"
    style="max-height: 100px;"
  >
    <div
      class="fog"
      data-testid="fogged-div-fog"
    />
  </div>
</DocumentFragment>
`;
